// Jest Snapshot v1, https://goo.gl/fbAQLP

exports[`Input Field renders correctly 1`] = `
<div
  className="sc-AxjAm jGzjec"
>
  <label
    htmlFor="filterRepos"
  >
    Filter Repos
  </label>
  <br />
  <input
    id="filterRepos"
    onChange={[Function]}
    type="text"
    value="Repo"
  />
</div>
`;
